// Jest Snapshot v1, https://goo.gl/fbAQLP

exports[`Home component test should render the expected output 1`] = `
<nav
  className="navbar navbar-light bg-light"
>
  <div
    className="container-fluid"
  >
    <a
      className="navbar-brand"
      href="/"
    >
      HOME
    </a>
  </div>
</nav>
`;
